// Jest Snapshot v1, https://goo.gl/fbAQLP

exports[`Navbar snapshot matches snapshot 1`] = `
<DocumentFragment>
  <header
    class="sticky top-0 z-50 bg-white dark:bg-slate-900 shadow-sm border-b border-gray-200 dark:border-slate-700"
  >
    <nav
      class="container mx-auto px-6 py-3 flex justify-between items-center"
    >
      <div
        class="flex items-center gap-8"
      >
        <a
          href="/"
        >
          SoloCartas
        </a>
        <div
          class="hidden md:flex items-center gap-6 text-gray-700 dark:text-gray-300 font-medium"
        >
          <a
            href="/"
          >
            Inicio
          </a>
          <a
            href="/about-us"
          >
            About Us
          </a>
          <button
            aria-expanded="false"
            aria-haspopup="true"
            class="flex items-center gap-1 cursor-pointer hover:text-blue-600 dark:hover:text-blue-400 transition-colors font-medium focus:outline-none "
            type="button"
          >
            Catálogo
            <svg
              aria-hidden="true"
              class="lucide lucide-chevron-down h-4 w-4 transition-transform "
              fill="none"
              height="24"
              stroke="currentColor"
              stroke-linecap="round"
              stroke-linejoin="round"
              stroke-width="2"
              viewBox="0 0 24 24"
              width="24"
              xmlns="http://www.w3.org/2000/svg"
            >
              <path
                d="m6 9 6 6 6-6"
              />
            </svg>
          </button>
        </div>
      </div>
      <div
        class="flex items-center gap-4"
      >
        <button
          aria-label="Toggle theme"
          class="p-2 rounded-full text-gray-600 dark:text-gray-400 hover:bg-gray-200 dark:hover:bg-gray-700 transition"
          type="button"
        >
          <svg
            class="lucide lucide-moon"
            fill="none"
            height="20"
            stroke="currentColor"
            stroke-linecap="round"
            stroke-linejoin="round"
            stroke-width="2"
            viewBox="0 0 24 24"
            width="20"
            xmlns="http://www.w3.org/2000/svg"
          >
            <path
              d="M12 3a6 6 0 0 0 9 9 9 9 0 1 1-9-9Z"
            />
          </svg>
        </button>
        <div
          class="relative"
        >
          <button
            aria-expanded="false"
            aria-haspopup="true"
            class="flex items-center gap-1 focus:outline-none"
            type="button"
          >
            <svg
              class="lucide lucide-circle-user-round text-gray-500 dark:text-gray-400"
              fill="none"
              height="36"
              stroke="currentColor"
              stroke-linecap="round"
              stroke-linejoin="round"
              stroke-width="1.5"
              viewBox="0 0 24 24"
              width="36"
              xmlns="http://www.w3.org/2000/svg"
            >
              <path
                d="M18 20a6 6 0 0 0-12 0"
              />
              <circle
                cx="12"
                cy="10"
                r="4"
              />
              <circle
                cx="12"
                cy="12"
                r="10"
              />
            </svg>
            <svg
              aria-hidden="true"
              class="lucide lucide-chevron-down h-5 w-5 text-gray-600 dark:text-gray-400 transition-transform "
              fill="none"
              height="24"
              stroke="currentColor"
              stroke-linecap="round"
              stroke-linejoin="round"
              stroke-width="2"
              viewBox="0 0 24 24"
              width="24"
              xmlns="http://www.w3.org/2000/svg"
            >
              <path
                d="m6 9 6 6 6-6"
              />
            </svg>
          </button>
        </div>
      </div>
    </nav>
    <div
      class="absolute top-full left-0 right-0 bg-gray-700 dark:bg-gray-800 shadow-lg z-40 transition-opacity duration-300 opacity-0 pointer-events-none"
    >
      <div
        class="container mx-auto px-6 py-8"
      >
        <div
          class="grid grid-cols-1 md:grid-cols-3 gap-x-8 gap-y-10"
        >
          <div
            class="space-y-4"
          >
            <a
              href="/products?game=pokemon"
            >
              Pokémon
            </a>
            <ul
              class="space-y-2"
            >
              <li>
                <a
                  href="/products?game=pokemon&product_type=booster"
                >
                  Boosters
                </a>
              </li>
              <li>
                <a
                  href="/products?game=pokemon&product_type=bundle"
                >
                  Bundles
                </a>
              </li>
              <li>
                <a
                  href="/products?game=pokemon&product_type=single"
                >
                  Singles
                </a>
              </li>
            </ul>
          </div>
          <div
            class="space-y-4"
          >
            <a
              href="/products?game=yu-gi-oh"
            >
              Yu-Gi-Oh!
            </a>
            <ul
              class="space-y-2"
            >
              <li>
                <a
                  href="/products?game=yu-gi-oh&product_type=booster"
                >
                  Boosters
                </a>
              </li>
              <li>
                <a
                  href="/products?game=yu-gi-oh&product_type=bundle"
                >
                  Bundles
                </a>
              </li>
              <li>
                <a
                  href="/products?game=yu-gi-oh&product_type=single"
                >
                  Singles
                </a>
              </li>
            </ul>
          </div>
          <div
            class="space-y-4"
          >
            <a
              href="/products?game=magic-the-gathering"
            >
              Magic: The Gathering
            </a>
            <ul
              class="space-y-2"
            >
              <li>
                <a
                  href="/products?game=magic-the-gathering&product_type=booster"
                >
                  Boosters
                </a>
              </li>
              <li>
                <a
                  href="/products?game=magic-the-gathering&product_type=bundle"
                >
                  Bundles
                </a>
              </li>
              <li>
                <a
                  href="/products?game=magic-the-gathering&product_type=single"
                >
                  Singles
                </a>
              </li>
            </ul>
          </div>
        </div>
      </div>
    </div>
  </header>
</DocumentFragment>
`;
